CostJb   : Nonlinear Jb = 0
CostJo   : Nonlinear Jo(Aod) = 68.54, nobs = 100, Jo/n = 0.6854, err = 0.05
CostFunction: Nonlinear J = 68.54
DRIPCGMinimizer: reduction in residual norm = 0.00741583
CostFunction::addIncrement: Analysis: 
 -----------------------------------------------------------------------------------------------
 State print | number of fields = 20 | cube sphere face size: C12
   DELP                          : Min = +1.000000e+00, Max = +5.114039e+03, RMS = +1.952166e+03
   RH                            : Min = +1.856580e-06, Max = +1.009854e+00, RMS = +4.529769e-01
   DU001                         : Min = +0.000000e+00, Max = +1.671863e-07, RMS = +4.399194e-09
   DU002                         : Min = +0.000000e+00, Max = +5.424880e-07, RMS = +1.422608e-08
   DU003                         : Min = +0.000000e+00, Max = +6.062894e-07, RMS = +1.562929e-08
   DU004                         : Min = +0.000000e+00, Max = +4.159743e-07, RMS = +6.840284e-09
   DU005                         : Min = +0.000000e+00, Max = +2.168439e-07, RMS = +2.881162e-09
   SS001                         : Min = +0.000000e+00, Max = +1.424937e-10, RMS = +7.032485e-12
   SS002                         : Min = +0.000000e+00, Max = +4.497960e-09, RMS = +2.156344e-10
   SS003                         : Min = +0.000000e+00, Max = +4.337923e-08, RMS = +2.136878e-09
   SS004                         : Min = +0.000000e+00, Max = +1.239630e-07, RMS = +6.883704e-09
   SS005                         : Min = +0.000000e+00, Max = +4.274278e-08, RMS = +1.638608e-09
   BCPHOBIC                      : Min = +0.000000e+00, Max = +4.632864e-09, RMS = +5.894882e-11
   BCPHILIC                      : Min = +0.000000e+00, Max = +3.265045e-09, RMS = +7.644737e-11
   OCPHOBIC                      : Min = +0.000000e+00, Max = +6.050151e-08, RMS = +4.715456e-10
   OCPHILIC                      : Min = +0.000000e+00, Max = +7.834458e-08, RMS = +1.203074e-09
   NO3AN1                        : Min = +0.000000e+00, Max = +3.425501e-09, RMS = +5.301489e-11
   NO3AN2                        : Min = +0.000000e+00, Max = +4.572676e-09, RMS = +1.859913e-10
   NO3AN3                        : Min = +0.000000e+00, Max = +6.087553e-11, RMS = +1.720084e-12
   SO4                           : Min = +0.000000e+00, Max = +1.028447e-08, RMS = +5.338721e-10
 -----------------------------------------------------------------------------------------------
CostJb   : Nonlinear Jb = 0
CostJo   : Nonlinear Jo(Aod) = 11.0225, nobs = 100, Jo/n = 0.110225, err = 0.05
CostFunction: Nonlinear J = 11.0225
DRIPCGMinimizer: reduction in residual norm = 0.0401943
CostFunction::addIncrement: Analysis: 
 -----------------------------------------------------------------------------------------------
 State print | number of fields = 20 | cube sphere face size: C12
   DELP                          : Min = +1.000000e+00, Max = +5.114039e+03, RMS = +1.952166e+03
   RH                            : Min = +1.856580e-06, Max = +1.009854e+00, RMS = +4.529769e-01
   DU001                         : Min = +0.000000e+00, Max = +1.671863e-07, RMS = +4.399179e-09
   DU002                         : Min = +0.000000e+00, Max = +5.424880e-07, RMS = +1.422608e-08
   DU003                         : Min = +0.000000e+00, Max = +6.062894e-07, RMS = +1.562929e-08
   DU004                         : Min = +0.000000e+00, Max = +4.159743e-07, RMS = +6.840284e-09
   DU005                         : Min = +0.000000e+00, Max = +2.168439e-07, RMS = +2.881162e-09
   SS001                         : Min = +0.000000e+00, Max = +5.394212e-10, RMS = +7.870223e-12
   SS002                         : Min = +0.000000e+00, Max = +4.497960e-09, RMS = +2.155307e-10
   SS003                         : Min = +0.000000e+00, Max = +4.337923e-08, RMS = +2.136830e-09
   SS004                         : Min = +0.000000e+00, Max = +1.239630e-07, RMS = +6.883687e-09
   SS005                         : Min = +0.000000e+00, Max = +4.274278e-08, RMS = +1.638604e-09
   BCPHOBIC                      : Min = +0.000000e+00, Max = +4.632864e-09, RMS = +5.901999e-11
   BCPHILIC                      : Min = +0.000000e+00, Max = +3.265045e-09, RMS = +7.634226e-11
   OCPHOBIC                      : Min = +0.000000e+00, Max = +6.050151e-08, RMS = +4.715002e-10
   OCPHILIC                      : Min = +0.000000e+00, Max = +7.834458e-08, RMS = +1.202698e-09
   NO3AN1                        : Min = +0.000000e+00, Max = +3.425501e-09, RMS = +5.344851e-11
   NO3AN2                        : Min = +0.000000e+00, Max = +4.572676e-09, RMS = +1.859873e-10
   NO3AN3                        : Min = +0.000000e+00, Max = +6.087553e-11, RMS = +1.721425e-12
   SO4                           : Min = +0.000000e+00, Max = +1.028447e-08, RMS = +5.332111e-10
 -----------------------------------------------------------------------------------------------
CostJb   : Nonlinear Jb = 0
CostJo   : Nonlinear Jo(Aod) = 17.5628, nobs = 100, Jo/n = 0.175628, err = 0.05
CostFunction: Nonlinear J = 17.5628
