Test     : CostJb   : Nonlinear Jb = 0
Test     : CostJo   : Nonlinear Jo(Aircraft) = 2909, nobs = 1423, Jo/n = 2.04427, err = 2.6796
Test     : CostJo   : Nonlinear Jo(Radiosonde) = 2149.73, nobs = 1125, Jo/n = 1.91087, err = 2.05967
Test     : CostJo   : Nonlinear Jo(GnssroRef) = 0 --- No Observations
Test     : CostFunction: Nonlinear J = 5058.73
Test     : DRIPCGMinimizer: reduction in residual norm = 0.00462315
Test     : CostFunction::addIncrement: Analysis: 
Test     : CostJb   : Nonlinear Jb = 40.3742
Test     : CostJo   : Nonlinear Jo(Aircraft) = 1908.13, nobs = 1423, Jo/n = 1.34092, err = 2.6796
Test     : CostJo   : Nonlinear Jo(Radiosonde) = 1475.67, nobs = 1125, Jo/n = 1.31171, err = 2.05967
Test     : CostJo   : Nonlinear Jo(GnssroRef) = 0 --- No Observations
Test     : CostFunction: Nonlinear J = 3424.17
