CostJb   : Nonlinear Jb = 0
CostJo   : Nonlinear Jo(Aircraft) = 2751.88, nobs = 1430, Jo/n = 1.92439, err = 2.6781
CostFunction: Nonlinear J = 2751.88
DRIPCGMinimizer: reduction in residual norm = 0.341957
CostFunction::addIncrement: Analysis: 
 -----------------------------------------------------------------------------------------------
 State print | number of fields = 21 | cube sphere face size: C12
   ua                            : Min = -4.631078e+01, Max = +9.136480e+01, RMS = +1.640384e+01
   va                            : Min = -6.127964e+01, Max = +7.380730e+01, RMS = +8.405802e+00
   T                             : Min = +1.847642e+02, Max = +3.102424e+02, RMS = +2.484559e+02
   ps                            : Min = +5.451119e+04, Max = +1.038108e+05, RMS = +9.902526e+04
   sphum                         : Min = +0.000000e+00, Max = +1.906352e-02, RMS = +4.763313e-03
   ice_wat                       : Min = +0.000000e+00, Max = +6.910392e-04, RMS = +1.500153e-05
   liq_wat                       : Min = +0.000000e+00, Max = +1.745440e-03, RMS = +2.857789e-05
   o3mr                          : Min = +0.000000e+00, Max = +1.754712e-05, RMS = +5.601335e-06
   phis                          : Min = -2.647795e+02, Max = +4.987891e+04, RMS = +5.969167e+03
   slmsk                         : Min = +0.000000e+00, Max = +2.000000e+00, RMS = +6.329512e-01
   sheleg                        : Min = +0.000000e+00, Max = +2.006071e+02, RMS = +2.381962e+01
   tsea                          : Min = +2.106771e+02, Max = +3.207028e+02, RMS = +2.885841e+02
   vtype                         : Min = +0.000000e+00, Max = +1.900000e+01, RMS = +5.812324e+00
   stype                         : Min = +0.000000e+00, Max = +1.600000e+01, RMS = +4.236361e+00
   vfrac                         : Min = +0.000000e+00, Max = +8.667599e-01, RMS = +2.046357e-01
   stc                           : Min = +2.176983e+02, Max = +3.129809e+02, RMS = +2.893035e+02
   smc                           : Min = +3.382334e-02, Max = +1.000000e+00, RMS = +8.649826e-01
   snwdph                        : Min = +0.000000e+00, Max = +1.982824e+03, RMS = +2.064952e+02
   u_srf                         : Min = -1.555369e+01, Max = +1.976049e+01, RMS = +6.330083e+00
   v_srf                         : Min = -1.756579e+01, Max = +1.931054e+01, RMS = +5.555046e+00
   f10m                          : Min = +6.113575e-01, Max = +9.982263e-01, RMS = +8.980390e-01
 -----------------------------------------------------------------------------------------------
 -----------------------------------------------------------------------------------------------
 State print | number of fields = 21 | cube sphere face size: C12
   ua                            : Min = -4.531172e+01, Max = +9.451802e+01, RMS = +1.647111e+01
   va                            : Min = -5.432047e+01, Max = +6.517229e+01, RMS = +8.290425e+00
   T                             : Min = +1.845484e+02, Max = +3.082121e+02, RMS = +2.484270e+02
   ps                            : Min = +5.447601e+04, Max = +1.037935e+05, RMS = +9.902478e+04
   sphum                         : Min = +0.000000e+00, Max = +1.878826e-02, RMS = +4.754499e-03
   ice_wat                       : Min = +0.000000e+00, Max = +5.096676e-04, RMS = +1.468333e-05
   liq_wat                       : Min = +0.000000e+00, Max = +9.161694e-04, RMS = +2.857816e-05
   o3mr                          : Min = +0.000000e+00, Max = +1.752379e-05, RMS = +5.609118e-06
   phis                          : Min = -2.647795e+02, Max = +4.987891e+04, RMS = +5.969167e+03
   slmsk                         : Min = +0.000000e+00, Max = +2.000000e+00, RMS = +6.329512e-01
   sheleg                        : Min = +0.000000e+00, Max = +2.011737e+02, RMS = +2.385674e+01
   tsea                          : Min = +2.093163e+02, Max = +3.130520e+02, RMS = +2.885626e+02
   vtype                         : Min = +0.000000e+00, Max = +1.900000e+01, RMS = +5.812324e+00
   stype                         : Min = +0.000000e+00, Max = +1.600000e+01, RMS = +4.236361e+00
   vfrac                         : Min = +0.000000e+00, Max = +8.665497e-01, RMS = +2.046822e-01
   stc                           : Min = +2.163042e+02, Max = +3.112298e+02, RMS = +2.892546e+02
   smc                           : Min = +3.380891e-02, Max = +1.000000e+00, RMS = +8.649664e-01
   snwdph                        : Min = +0.000000e+00, Max = +1.975640e+03, RMS = +2.045413e+02
   u_srf                         : Min = -1.811848e+01, Max = +2.248272e+01, RMS = +6.390146e+00
   v_srf                         : Min = -1.956833e+01, Max = +1.854067e+01, RMS = +5.532443e+00
   f10m                          : Min = +6.137456e-01, Max = +1.147246e+00, RMS = +9.020324e-01
 -----------------------------------------------------------------------------------------------
 -----------------------------------------------------------------------------------------------
 State print | number of fields = 21 | cube sphere face size: C12
   ua                            : Min = -4.458521e+01, Max = +8.873914e+01, RMS = +1.644557e+01
   va                            : Min = -5.514564e+01, Max = +6.500325e+01, RMS = +8.237954e+00
   T                             : Min = +1.848038e+02, Max = +3.085401e+02, RMS = +2.484122e+02
   ps                            : Min = +5.456248e+04, Max = +1.037203e+05, RMS = +9.902109e+04
   sphum                         : Min = +0.000000e+00, Max = +1.862762e-02, RMS = +4.743382e-03
   ice_wat                       : Min = +0.000000e+00, Max = +4.711386e-04, RMS = +1.585418e-05
   liq_wat                       : Min = +0.000000e+00, Max = +1.003688e-03, RMS = +2.954326e-05
   o3mr                          : Min = +3.055439e-08, Max = +1.751602e-05, RMS = +5.613643e-06
   phis                          : Min = -2.647795e+02, Max = +4.987891e+04, RMS = +5.969167e+03
   slmsk                         : Min = +0.000000e+00, Max = +2.000000e+00, RMS = +6.329512e-01
   sheleg                        : Min = +0.000000e+00, Max = +2.018775e+02, RMS = +2.389094e+01
   tsea                          : Min = +2.138441e+02, Max = +3.227009e+02, RMS = +2.890271e+02
   vtype                         : Min = +0.000000e+00, Max = +1.900000e+01, RMS = +5.812324e+00
   stype                         : Min = +0.000000e+00, Max = +1.600000e+01, RMS = +4.236361e+00
   vfrac                         : Min = +0.000000e+00, Max = +8.665480e-01, RMS = +2.047554e-01
   stc                           : Min = +2.155950e+02, Max = +3.102270e+02, RMS = +2.892441e+02
   smc                           : Min = +3.379362e-02, Max = +1.000000e+00, RMS = +8.649479e-01
   snwdph                        : Min = +0.000000e+00, Max = +1.975041e+03, RMS = +2.038075e+02
   u_srf                         : Min = -1.973487e+01, Max = +2.514699e+01, RMS = +6.419913e+00
   v_srf                         : Min = -1.758323e+01, Max = +2.023139e+01, RMS = +5.484483e+00
   f10m                          : Min = +6.157255e-01, Max = +1.123031e+00, RMS = +9.048770e-01
 -----------------------------------------------------------------------------------------------



CostJb   : Nonlinear Jb = 53.5785
CostJo   : Nonlinear Jo(Aircraft) = 2206.29, nobs = 1430, Jo/n = 1.54286, err = 2.6781
CostFunction: Nonlinear J = 2259.87
