Test     : CostJb   : Nonlinear Jb = 0
Test     : CostJo   : Nonlinear Jo(Aircraft) = 2909, nobs = 1423, Jo/n = 2.04427, err = 2.6796
Test     : CostJo   : Nonlinear Jo(Radiosonde) = 2149.72, nobs = 1125, Jo/n = 1.91086, err = 2.05967
Test     : CostJo   : Nonlinear Jo(GnssroRef) = 1.05809, nobs = 1, Jo/n = 1.05809, err = 0.0328057
Test     : CostFunction: Nonlinear J = 5059.77
Test     : DRIPCGMinimizer: reduction in residual norm = 0.000670011
Test     : CostFunction::addIncrement: Analysis: 
Test     : CostJb   : Nonlinear Jb = 37.449
Test     : CostJo   : Nonlinear Jo(Aircraft) = 1896.05, nobs = 1423, Jo/n = 1.33243, err = 2.6796
Test     : CostJo   : Nonlinear Jo(Radiosonde) = 1473.39, nobs = 1125, Jo/n = 1.30968, err = 2.05967
Test     : CostJo   : Nonlinear Jo(GnssroRef) = 1.74733, nobs = 1, Jo/n = 1.74733, err = 0.0328057
Test     : CostFunction: Nonlinear J = 3408.64
