Test     : State: 
Test     :  --------------------------------------------------------------------------------
Test     :  State print | number of fields = 8 | cube sphere face size: C24
Test     :    ua            : Min = -4.436424e+01, Max = +8.436861e+01, RMS = +1.461716e+01
Test     :    va            : Min = -4.334857e+01, Max = +5.865755e+01, RMS = +6.323871e+00
Test     :    T             : Min = +0.000000e+00, Max = +3.069781e+02, RMS = +2.342079e+02
Test     :    DELP          : Min = +0.000000e+00, Max = +3.723423e+03, RMS = +1.828602e+03
Test     :    sphum         : Min = +0.000000e+00, Max = +1.841109e-02, RMS = +4.391320e-03
Test     :    ice_wat       : Min = -9.504149e-23, Max = +2.392257e-04, RMS = +8.574006e-06
Test     :    liq_wat       : Min = -4.695520e-21, Max = +5.332951e-04, RMS = +1.706093e-05
Test     :    o3mr          : Min = +0.000000e+00, Max = +1.745353e-05, RMS = +5.283086e-06
Test     :  --------------------------------------------------------------------------------
Test     : Increment: 
Test     :  --------------------------------------------------------------------------------
Test     :  Increment print | number of fields = 8 | cube sphere face size: C24
Test     :    ua            : Min = -6.310232e-03, Max = +5.909183e-03, RMS = +9.078392e-05
Test     :    va            : Min = -1.991326e-03, Max = +2.235109e-03, RMS = +5.966129e-05
Test     :    T             : Min = -8.648460e-04, Max = +1.695972e-03, RMS = +7.455036e-05
Test     :    DELP          : Min = -1.513066e-03, Max = +1.721543e-03, RMS = +4.934596e-05
Test     :    sphum         : Min = -4.980726e-03, Max = +9.790240e-03, RMS = +1.018116e-03
Test     :    ice_wat       : Min = -7.323391e-09, Max = +4.863453e-09, RMS = +1.319980e-10
Test     :    liq_wat       : Min = -3.283626e-08, Max = +1.395263e-08, RMS = +3.994823e-10
Test     :    o3mr          : Min = -7.906221e-11, Max = +3.478015e-11, RMS = +8.466622e-13
Test     :  --------------------------------------------------------------------------------
Test     : State plus increment: 
Test     :  --------------------------------------------------------------------------------
Test     :  State print | number of fields = 8 | cube sphere face size: C24
Test     :    ua            : Min = -4.436425e+01, Max = +8.436861e+01, RMS = +1.461716e+01
Test     :    va            : Min = -4.334857e+01, Max = +5.865755e+01, RMS = +6.323872e+00
Test     :    T             : Min = +0.000000e+00, Max = +3.069781e+02, RMS = +2.342079e+02
Test     :    DELP          : Min = +0.000000e+00, Max = +3.723423e+03, RMS = +1.828602e+03
Test     :    sphum         : Min = +0.000000e+00, Max = +1.873514e-02, RMS = +4.476542e-03
Test     :    ice_wat       : Min = +0.000000e+00, Max = +2.392246e-04, RMS = +8.573997e-06
Test     :    liq_wat       : Min = +0.000000e+00, Max = +5.332951e-04, RMS = +1.706090e-05
Test     :    o3mr          : Min = +0.000000e+00, Max = +1.745353e-05, RMS = +5.283086e-06
Test     :  --------------------------------------------------------------------------------
