Test     : State: 
Test     :  --------------------------------------------------------------------------------
Test     :  State print | number of fields = 7 | cube sphere face size: C12
Test     :    ua            : Min = -5.087701e+01, Max = +9.150653e+01, RMS = +2.024237e+01
Test     :    va            : Min = -5.619865e+01, Max = +6.495247e+01, RMS = +8.579122e+00
Test     :    t             : Min = +1.852996e+02, Max = +3.081416e+02, RMS = +2.471427e+02
Test     :    q             : Min = +2.239481e-08, Max = +1.948509e-02, RMS = +4.016779e-03
Test     :    qi            : Min = +0.000000e+00, Max = +2.853714e-04, RMS = +5.411697e-06
Test     :    ql            : Min = +0.000000e+00, Max = +7.432870e-04, RMS = +2.465358e-05
Test     :    o3ppmv        : Min = +1.890741e-02, Max = +3.613508e+01, RMS = +3.813928e+00
Test     :  --------------------------------------------------------------------------------
Test     : Increment: 
Test     :  --------------------------------------------------------------------------------
Test     :  Increment print | number of fields = 7 | cube sphere face size: C12
Test     :    ua            : Min = -6.509369e-06, Max = +6.871678e-06, RMS = +5.438155e-08
Test     :    va            : Min = -8.981806e-06, Max = +3.303773e-06, RMS = +5.793651e-08
Test     :    t             : Min = -1.737351e-06, Max = +5.547467e-06, RMS = +8.461951e-08
Test     :    q             : Min = -3.937628e-04, Max = +4.980398e-04, RMS = +1.539271e-05
Test     :    qi            : Min = +0.000000e+00, Max = +0.000000e+00, RMS = +0.000000e+00
Test     :    ql            : Min = +0.000000e+00, Max = +0.000000e+00, RMS = +0.000000e+00
Test     :    o3ppmv        : Min = -6.791932e-07, Max = +1.010102e-06, RMS = +3.247002e-08
Test     :  --------------------------------------------------------------------------------
Test     : State plus increment: 
Test     :  --------------------------------------------------------------------------------
Test     :  State print | number of fields = 7 | cube sphere face size: C12
Test     :    ua            : Min = -5.087701e+01, Max = +9.150653e+01, RMS = +2.024237e+01
Test     :    va            : Min = -5.619865e+01, Max = +6.495247e+01, RMS = +8.579122e+00
Test     :    t             : Min = +1.852996e+02, Max = +3.081416e+02, RMS = +2.471427e+02
Test     :    q             : Min = +0.000000e+00, Max = +1.948509e-02, RMS = +4.016737e-03
Test     :    qi            : Min = +0.000000e+00, Max = +2.853714e-04, RMS = +5.411697e-06
Test     :    ql            : Min = +0.000000e+00, Max = +7.432870e-04, RMS = +2.465358e-05
Test     :    o3ppmv        : Min = +1.890741e-02, Max = +3.613508e+01, RMS = +3.813928e+00
Test     :  --------------------------------------------------------------------------------
