Input state: 
 -----------------------------------------------------------------------------------------------
 State print | number of fields = 3 | cube sphere face size: C12
   vtype                         : Min = +0.000000e+00, Max = +1.900000e+01, RMS = +5.810371e+00
   stype                         : Min = +0.000000e+00, Max = +1.600000e+01, RMS = +4.337071e+00
   vfrac                         : Min = +0.000000e+00, Max = +9.321926e-01, RMS = +1.905360e-01
 -----------------------------------------------------------------------------------------------
Output state: 
 -----------------------------------------------------------------------------------------------
 State print | number of fields = 3 | cube sphere face size: C12
   vtype                         : Min = +0.000000e+00, Max = +1.900000e+01, RMS = +5.810371e+00
   stype                         : Min = +0.000000e+00, Max = +1.600000e+01, RMS = +4.337071e+00
   vfrac                         : Min = +0.000000e+00, Max = +9.321926e-01, RMS = +1.905360e-01
 -----------------------------------------------------------------------------------------------
Input state: 
 -----------------------------------------------------------------------------------------------
 State print | number of fields = 3 | cube sphere face size: C12
   vtype                         : Min = +0.000000e+00, Max = +1.900000e+01, RMS = +5.810371e+00
   stype                         : Min = +0.000000e+00, Max = +1.600000e+01, RMS = +4.337071e+00
   vfrac                         : Min = +0.000000e+00, Max = +9.322242e-01, RMS = +1.905305e-01
 -----------------------------------------------------------------------------------------------
Output state: 
 -----------------------------------------------------------------------------------------------
 State print | number of fields = 3 | cube sphere face size: C12
   vtype                         : Min = +0.000000e+00, Max = +1.900000e+01, RMS = +5.810371e+00
   stype                         : Min = +0.000000e+00, Max = +1.600000e+01, RMS = +4.337071e+00
   vfrac                         : Min = +0.000000e+00, Max = +9.322242e-01, RMS = +1.905305e-01
 -----------------------------------------------------------------------------------------------
Input state: 
 -----------------------------------------------------------------------------------------------
 State print | number of fields = 3 | cube sphere face size: C12
   vtype                         : Min = +0.000000e+00, Max = +1.900000e+01, RMS = +5.810371e+00
   stype                         : Min = +0.000000e+00, Max = +1.600000e+01, RMS = +4.337071e+00
   vfrac                         : Min = +0.000000e+00, Max = +9.322557e-01, RMS = +1.905251e-01
 -----------------------------------------------------------------------------------------------
Output state: 
 -----------------------------------------------------------------------------------------------
 State print | number of fields = 3 | cube sphere face size: C12
   vtype                         : Min = +0.000000e+00, Max = +1.900000e+01, RMS = +5.810371e+00
   stype                         : Min = +0.000000e+00, Max = +1.600000e+01, RMS = +4.337071e+00
   vfrac                         : Min = +0.000000e+00, Max = +9.322557e-01, RMS = +1.905251e-01
 -----------------------------------------------------------------------------------------------
Input state: 
 -----------------------------------------------------------------------------------------------
 State print | number of fields = 3 | cube sphere face size: C12
   vtype                         : Min = +0.000000e+00, Max = +1.900000e+01, RMS = +5.810371e+00
   stype                         : Min = +0.000000e+00, Max = +1.600000e+01, RMS = +4.337071e+00
   vfrac                         : Min = +0.000000e+00, Max = +9.322873e-01, RMS = +1.905197e-01
 -----------------------------------------------------------------------------------------------
Output state: 
 -----------------------------------------------------------------------------------------------
 State print | number of fields = 3 | cube sphere face size: C12
   vtype                         : Min = +0.000000e+00, Max = +1.900000e+01, RMS = +5.810371e+00
   stype                         : Min = +0.000000e+00, Max = +1.600000e+01, RMS = +4.337071e+00
   vfrac                         : Min = +0.000000e+00, Max = +9.322873e-01, RMS = +1.905197e-01
 -----------------------------------------------------------------------------------------------
Input state: 
 -----------------------------------------------------------------------------------------------
 State print | number of fields = 3 | cube sphere face size: C12
   vtype                         : Min = +0.000000e+00, Max = +1.900000e+01, RMS = +5.810371e+00
   stype                         : Min = +0.000000e+00, Max = +1.600000e+01, RMS = +4.337071e+00
   vfrac                         : Min = +0.000000e+00, Max = +9.323189e-01, RMS = +1.905143e-01
 -----------------------------------------------------------------------------------------------
Output state: 
 -----------------------------------------------------------------------------------------------
 State print | number of fields = 3 | cube sphere face size: C12
   vtype                         : Min = +0.000000e+00, Max = +1.900000e+01, RMS = +5.810371e+00
   stype                         : Min = +0.000000e+00, Max = +1.600000e+01, RMS = +4.337071e+00
   vfrac                         : Min = +0.000000e+00, Max = +9.323189e-01, RMS = +1.905143e-01
 -----------------------------------------------------------------------------------------------
Input state: 
 -----------------------------------------------------------------------------------------------
 State print | number of fields = 3 | cube sphere face size: C12
   vtype                         : Min = +0.000000e+00, Max = +1.900000e+01, RMS = +5.810371e+00
   stype                         : Min = +0.000000e+00, Max = +1.600000e+01, RMS = +4.337071e+00
   vfrac                         : Min = +0.000000e+00, Max = +9.323505e-01, RMS = +1.905089e-01
 -----------------------------------------------------------------------------------------------
Output state: 
 -----------------------------------------------------------------------------------------------
 State print | number of fields = 3 | cube sphere face size: C12
   vtype                         : Min = +0.000000e+00, Max = +1.900000e+01, RMS = +5.810371e+00
   stype                         : Min = +0.000000e+00, Max = +1.600000e+01, RMS = +4.337071e+00
   vfrac                         : Min = +0.000000e+00, Max = +9.323505e-01, RMS = +1.905089e-01
 -----------------------------------------------------------------------------------------------
Input state: 
 -----------------------------------------------------------------------------------------------
 State print | number of fields = 3 | cube sphere face size: C12
   vtype                         : Min = +0.000000e+00, Max = +1.900000e+01, RMS = +5.810371e+00
   stype                         : Min = +0.000000e+00, Max = +1.600000e+01, RMS = +4.337071e+00
   vfrac                         : Min = +0.000000e+00, Max = +9.323820e-01, RMS = +1.905035e-01
 -----------------------------------------------------------------------------------------------
Output state: 
 -----------------------------------------------------------------------------------------------
 State print | number of fields = 3 | cube sphere face size: C12
   vtype                         : Min = +0.000000e+00, Max = +1.900000e+01, RMS = +5.810371e+00
   stype                         : Min = +0.000000e+00, Max = +1.600000e+01, RMS = +4.337071e+00
   vfrac                         : Min = +0.000000e+00, Max = +9.323820e-01, RMS = +1.905035e-01
 -----------------------------------------------------------------------------------------------
