Input state:
 -----------------------------------------------------------------------------------------------
 State print | number of fields = 6 | cube sphere face size: C12
   DELP                          : Min = +1.000000e+00, Max = +5.145449e+03, RMS = +1.953762e+03
   NO2                           : Min = +1.858300e-15, Max = +2.766252e-08, RMS = +3.777416e-09
   NO                            : Min = +0.000000e+00, Max = +1.954053e-08, RMS = +3.595559e-09
   O3                            : Min = +7.089436e-09, Max = +2.766965e-05, RMS = +3.814452e-06
   PS                            : Min = +5.317650e+04, Max = +1.040849e+05, RMS = +9.895908e+04
   SPHU                          : Min = +1.211971e-07, Max = +2.022613e-02, RMS = +4.040039e-03
 -----------------------------------------------------------------------------------------------
Output state:
 -----------------------------------------------------------------------------------------------
 State print | number of fields = 6 | cube sphere face size: C24
  DELP                          : Min = +1.000000e+00, Max = +5.128599e+03, RMS = +1.952304e+03
  NO2                           : Min = +2.309989e-15, Max = +2.160131e-08, RMS = +3.743898e-09
  NO                            : Min = +0.000000e+00, Max = +1.727859e-08, RMS = +3.561839e-09
  O3                            : Min = +7.617392e-09, Max = +2.672243e-05, RMS = +3.802561e-06
  PS                            : Min = +5.800075e+04, Max = +1.037471e+05, RMS = +9.889952e+04
  SPHU                          : Min = +3.782926e-07, Max = +1.963898e-02, RMS = +3.973179e-03
 -----------------------------------------------------------------------------------------------
