CostJb   : Nonlinear Jb = 0
CostJo   : Nonlinear Jo(Aircraft) = 6243.53, nobs = 2765, Jo/n = 2.25806, err = 2.19879
CostJo   : Nonlinear Jo(Radiosonde) = 3313.84, nobs = 1328, Jo/n = 2.49536, err = 2.06355
CostJo   : Nonlinear Jo(GnssroBndNBAM) = 516.541, nobs = 131, Jo/n = 3.94306, err = 0.000343738
CostJo   : Nonlinear Jo(AMSUA-NOAA19) = 623.154, nobs = 794, Jo/n = 0.784828, err = 9.99861
CostFunction: Nonlinear J = 10697.1
DRIPCGMinimizer: reduction in residual norm = 0.472269
CostFunction::addIncrement: Analysis: 
 -----------------------------------------------------------------------------------------------
 State print | number of fields = 11 | cube sphere face size: C12
   u                             : Min = -1.349684e+02, Max = +1.278492e+02, RMS = +1.583734e+01
   v                             : Min = -1.427724e+02, Max = +1.232258e+02, RMS = +1.737459e+01
   ua                            : Min = -9.987031e+01, Max = +1.684620e+02, RMS = +2.214699e+01
   va                            : Min = -9.878677e+01, Max = +1.111114e+02, RMS = +1.063430e+01
   T                             : Min = +1.572711e+02, Max = +3.067189e+02, RMS = +2.496414e+02
   ps                            : Min = +5.400067e+04, Max = +1.048278e+05, RMS = +9.898039e+04
   DELP                          : Min = +6.059999e-01, Max = +1.794782e+03, RMS = +9.576774e+02
   sphum                         : Min = +0.000000e+00, Max = +1.863966e-02, RMS = +4.697259e-03
   ice_wat                       : Min = +0.000000e+00, Max = +5.075422e-04, RMS = +1.579572e-05
   liq_wat                       : Min = +0.000000e+00, Max = +9.803740e-04, RMS = +3.386975e-05
   o3mr                          : Min = +0.000000e+00, Max = +2.357276e-05, RMS = +4.356844e-06
 -----------------------------------------------------------------------------------------------
CostJb   : Nonlinear Jb = 2.77474e-05
CostJo   : Nonlinear Jo(Aircraft) = 6236.83, nobs = 2765, Jo/n = 2.25564, err = 2.19879
CostJo   : Nonlinear Jo(Radiosonde) = 3311.95, nobs = 1328, Jo/n = 2.49394, err = 2.06355
CostJo   : Nonlinear Jo(GnssroBndNBAM) = 348.669, nobs = 131, Jo/n = 2.66159, err = 0.000343738
CostJo   : Nonlinear Jo(AMSUA-NOAA19) = 608.021, nobs = 794, Jo/n = 0.765769, err = 9.99861
CostFunction: Nonlinear J = 10505.5
DRIPCGMinimizer: reduction in residual norm = 0.73742
CostFunction::addIncrement: Analysis: 
 -----------------------------------------------------------------------------------------------
 State print | number of fields = 11 | cube sphere face size: C12
   u                             : Min = -1.349684e+02, Max = +1.278492e+02, RMS = +1.583734e+01
   v                             : Min = -1.427724e+02, Max = +1.232258e+02, RMS = +1.737459e+01
   ua                            : Min = -9.987031e+01, Max = +1.684620e+02, RMS = +2.214699e+01
   va                            : Min = -9.878677e+01, Max = +1.111114e+02, RMS = +1.063430e+01
   T                             : Min = +1.572711e+02, Max = +3.067189e+02, RMS = +2.496414e+02
   ps                            : Min = +5.400067e+04, Max = +1.048278e+05, RMS = +9.898039e+04
   DELP                          : Min = +6.059999e-01, Max = +1.794782e+03, RMS = +9.576774e+02
   sphum                         : Min = +0.000000e+00, Max = +1.863968e-02, RMS = +4.697604e-03
   ice_wat                       : Min = +0.000000e+00, Max = +5.075422e-04, RMS = +1.579572e-05
   liq_wat                       : Min = +0.000000e+00, Max = +9.803740e-04, RMS = +3.386975e-05
   o3mr                          : Min = +0.000000e+00, Max = +2.357276e-05, RMS = +4.356844e-06
 -----------------------------------------------------------------------------------------------
CostJb   : Nonlinear Jb = 3.64279e-05
CostJo   : Nonlinear Jo(Aircraft) = 6235.21, nobs = 2765, Jo/n = 2.25505, err = 2.19879
CostJo   : Nonlinear Jo(Radiosonde) = 3311.45, nobs = 1328, Jo/n = 2.49356, err = 2.06355
CostJo   : Nonlinear Jo(GnssroBndNBAM) = 329.534, nobs = 131, Jo/n = 2.51553, err = 0.000343738
CostJo   : Nonlinear Jo(AMSUA-NOAA19) = 604.424, nobs = 794, Jo/n = 0.761239, err = 9.99861
CostFunction: Nonlinear J = 10480.6
