Initial state: 
----------------------------------------------------------------------------------------------------
State print | number of fields = 2 | cube sphere face size: C12
volume_mixing_ratio_of_no2                   | Min:+1.8072663671660201e-15 Max:+2.6771693814056199e-08 RMS:+3.8201518457135129e-09
volume_mixing_ratio_of_o3                    | Min:+1.5924609786417499e-09 Max:+2.8539579831078000e-05 RMS:+3.8338859767104605e-06
----------------------------------------------------------------------------------------------------
Norm of input parameter StdDev: 6.302235886741878e-07
 Control Member final state: 
----------------------------------------------------------------------------------------------------
State print | number of fields = 2 | cube sphere face size: C12
volume_mixing_ratio_of_no2                   | Min:+1.8072663671660201e-15 Max:+2.6771693814056199e-08 RMS:+3.8201518457135129e-09
volume_mixing_ratio_of_o3                    | Min:+1.5924609786417499e-09 Max:+2.8539579831078000e-05 RMS:+3.8338859767104605e-06
----------------------------------------------------------------------------------------------------
Member 0 final state: 
----------------------------------------------------------------------------------------------------
State print | number of fields = 2 | cube sphere face size: C12
volume_mixing_ratio_of_no2                   | Min:+0.0000000000000000e+00 Max:+4.3218367161427100e-08 RMS:+4.0987759885826102e-09
volume_mixing_ratio_of_o3                    | Min:+0.0000000000000000e+00 Max:+3.1954074830545005e-05 RMS:+3.8799334131875906e-06
----------------------------------------------------------------------------------------------------
Member 1 final state: 
----------------------------------------------------------------------------------------------------
State print | number of fields = 2 | cube sphere face size: C12
volume_mixing_ratio_of_no2                   | Min:+0.0000000000000000e+00 Max:+3.3205267304844809e-08 RMS:+4.1536652765606068e-09
volume_mixing_ratio_of_o3                    | Min:+0.0000000000000000e+00 Max:+3.1139630576697549e-05 RMS:+3.8485999751386478e-06
----------------------------------------------------------------------------------------------------
