Initial state: 
 -----------------------------------------------------------------------------------------------
 State print | number of fields = 6 | cube sphere face size: C12
   DELP                          : Min = +1.000000e+00, Max = +5.144840e+03, RMS = +1.953848e+03
   NO2                           : Min = +1.807266e-15, Max = +2.677169e-08, RMS = +3.820152e-09
   NO                            : Min = +0.000000e+00, Max = +1.749954e-08, RMS = +3.576630e-09
   O3                            : Min = +1.592461e-09, Max = +2.853958e-05, RMS = +3.833886e-06
   PS                            : Min = +5.312976e+04, Max = +1.040727e+05, RMS = +9.896309e+04
   SPHU                          : Min = +3.470980e-07, Max = +1.972257e-02, RMS = +4.041476e-03
 -----------------------------------------------------------------------------------------------
Final state: 
 -----------------------------------------------------------------------------------------------
 State print | number of fields = 6 | cube sphere face size: C12
   DELP                          : Min = +1.000000e+00, Max = +5.141698e+03, RMS = +1.953736e+03
   NO2                           : Min = +1.629624e-15, Max = +1.826808e-08, RMS = +3.778819e-09
   NO                            : Min = +0.000000e+00, Max = +1.774971e-08, RMS = +3.611465e-09
   O3                            : Min = +7.274712e-09, Max = +3.170329e-05, RMS = +3.819172e-06
   PS                            : Min = +5.309206e+04, Max = +1.040097e+05, RMS = +9.895767e+04
   SPHU                          : Min = +3.287651e-07, Max = +1.966290e-02, RMS = +4.029011e-03
 -----------------------------------------------------------------------------------------------
H(x): 
NO2 nobs= 1 Min=5.68294e-05, Max=5.68294e-05, RMS=5.68294e-05

End H(x)
