CostJb   : Nonlinear Jb = 0
CostJo   : Nonlinear Jo(Aircraft) = 2831.29, nobs = 1472, Jo/n = 1.92343, err = 2.66471
CostJo   : Nonlinear Jo(Radiosonde) = 2060.23, nobs = 1137, Jo/n = 1.81199, err = 2.06269
CostJo   : Nonlinear Jo(GnssroRef) = 0 --- No Observations
CostJo   : Nonlinear Jo(AMSUA-NOAA19) = 999.219, nobs = 979, Jo/n = 1.02065, err = 1.71115
CostFunction: Nonlinear J = 5890.74
DRIPCGMinimizer: reduction in residual norm = 0.269367
CostFunction::addIncrement: Analysis: 
CostJb   : Nonlinear Jb = 0.00682375
CostJo   : Nonlinear Jo(Aircraft) = 2830.64, nobs = 1472, Jo/n = 1.92299, err = 2.66471
CostJo   : Nonlinear Jo(Radiosonde) = 2060.02, nobs = 1137, Jo/n = 1.8118, err = 2.06269
CostJo   : Nonlinear Jo(GnssroRef) = 0 --- No Observations
CostJo   : Nonlinear Jo(AMSUA-NOAA19) = 849.509, nobs = 975, Jo/n = 0.871292, err = 1.71086
CostFunction: Nonlinear J = 5740.17
DRIPCGMinimizer: reduction in residual norm = 0.348718
CostFunction::addIncrement: Analysis: 
CostJb   : Nonlinear Jb = 0.00925677
CostJo   : Nonlinear Jo(Aircraft) = 2830.55, nobs = 1472, Jo/n = 1.92293, err = 2.66471
CostJo   : Nonlinear Jo(Radiosonde) = 2059.99, nobs = 1137, Jo/n = 1.81178, err = 2.06269
CostJo   : Nonlinear Jo(GnssroRef) = 0 --- No Observations
CostJo   : Nonlinear Jo(AMSUA-NOAA19) = 817.272, nobs = 974, Jo/n = 0.839088, err = 1.70986
CostFunction: Nonlinear J = 5707.82
