CostJb   : Nonlinear Jb = 0
CostJo   : Nonlinear Jo(Aircraft) = 3027.55, nobs = 1430, Jo/n = 2.11717, err = 2.67875
CostJo   : Nonlinear Jo(Radiosonde) = 2149.72, nobs = 1125, Jo/n = 1.91086, err = 2.05967
CostJo   : Nonlinear Jo(GnssroBndNBAM) = 392.112, nobs = 148, Jo/n = 2.6494, err = 0.000298811
CostJo   : Nonlinear Jo(AMSUA-METOP-A) = 700.513, nobs = 645, Jo/n = 1.08607, err = 1.27194
CostJo   : Nonlinear Jo(AMSUA-METOP-B) = 422.114, nobs = 585, Jo/n = 0.721563, err = 1.32338
CostJo   : Nonlinear Jo(AMSUA-NOAA15) = 386.529, nobs = 705, Jo/n = 0.548268, err = 0.745452
CostJo   : Nonlinear Jo(AMSUA-NOAA18) = 510.41, nobs = 456, Jo/n = 1.11932, err = 1.48971
CostJo   : Nonlinear Jo(AMSUA-NOAA19) = 686.267, nobs = 632, Jo/n = 1.08587, err = 1.2837
CostJo   : Nonlinear Jo(MHS-NOAA18) = 323.608, nobs = 413, Jo/n = 0.783555, err = 2.30498
CostJo   : Nonlinear Jo(MHS-METOP-A) = 346.096, nobs = 391, Jo/n = 0.885156, err = 2.29477
CostJo   : Nonlinear Jo(MHS-METOP-B) = 367.781, nobs = 399, Jo/n = 0.921756, err = 2.29907
CostJo   : Nonlinear Jo(SNDRD1-GOES15) = 637.069, nobs = 1017, Jo/n = 0.62642, err = 1.51725
CostJo   : Nonlinear Jo(SNDRD2-GOES15) = 632.851, nobs = 1009, Jo/n = 0.627206, err = 1.52781
CostJo   : Nonlinear Jo(SNDRD3-GOES15) = 635.978, nobs = 999, Jo/n = 0.636615, err = 1.52665
CostJo   : Nonlinear Jo(SNDRD4-GOES15) = 590.272, nobs = 987, Jo/n = 0.598047, err = 1.5388
CostJo   : Nonlinear Jo(ATMS-NPP) = 1136.76, nobs = 1545, Jo/n = 0.735769, err = 2.11997
CostJo   : Nonlinear Jo(AMSR2-GCOM) = 2258.1, nobs = 7431, Jo/n = 0.303876, err = 9.62701
CostJo   : Nonlinear Jo(GMI-GPM) = 3.76614, nobs = 12, Jo/n = 0.313845, err = 72.1619
CostJo   : Nonlinear Jo(AIRS-AQUA) = 5882.34, nobs = 9098, Jo/n = 0.646553, err = 1.32545
CostJo   : Nonlinear Jo(IASI-METOPA) = 6903.67, nobs = 12276, Jo/n = 0.562372, err = 1.19844
CostJo   : Nonlinear Jo(IASI-METOPB) = 7741.41, nobs = 12187, Jo/n = 0.635218, err = 1.19885
CostJo   : Nonlinear Jo(CRIS-NPP) = 1979.47, nobs = 2161, Jo/n = 0.915997, err = 0.843973
CostJo   : Nonlinear Jo(SfcObs) = 23.0383, nobs = 53, Jo/n = 0.434686, err = 143.514
CostFunction: Nonlinear J = 37737.4
DRIPCGMinimizer: reduction in residual norm = 0.245032
CostFunction::addIncrement: Analysis: 
 -----------------------------------------------------------------------------------------------
 State print | number of fields = 23 | cube sphere face size: C12
   ua                            : Min = -5.087701e+01, Max = +9.150653e+01, RMS = +2.024237e+01
   va                            : Min = -5.619865e+01, Max = +6.495247e+01, RMS = +8.579122e+00
   t                             : Min = +1.852996e+02, Max = +3.081416e+02, RMS = +2.471427e+02
   ps                            : Min = +5.448240e+04, Max = +1.037373e+05, RMS = +9.900788e+04
   q                             : Min = +0.000000e+00, Max = +1.948509e-02, RMS = +4.017605e-03
   qi                            : Min = +0.000000e+00, Max = +2.853714e-04, RMS = +5.411697e-06
   ql                            : Min = +0.000000e+00, Max = +7.432870e-04, RMS = +2.465358e-05
   qr                            : Min = +0.000000e+00, Max = +4.188229e-03, RMS = +6.301762e-05
   qs                            : Min = +0.000000e+00, Max = +2.069555e-03, RMS = +2.426805e-05
   o3ppmv                        : Min = +1.890741e-02, Max = +3.613508e+01, RMS = +3.813928e+00
   phis                          : Min = -2.658390e+02, Max = +4.989882e+04, RMS = +5.981687e+03
   frocean                       : Min = +0.000000e+00, Max = +1.000000e+00, RMS = +8.353951e-01
   frlake                        : Min = +0.000000e+00, Max = +1.000000e+00, RMS = +6.364239e-02
   frseaice                      : Min = +0.000000e+00, Max = +1.000000e+00, RMS = +1.375539e-01
   vtype                         : Min = +0.000000e+00, Max = +1.900000e+01, RMS = +5.812324e+00
   stype                         : Min = +0.000000e+00, Max = +1.600000e+01, RMS = +4.236361e+00
   vfrac                         : Min = +0.000000e+00, Max = +8.665497e-01, RMS = +2.046822e-01
   sheleg                        : Min = +0.000000e+00, Max = +1.000000e+15, RMS = +8.336657e+14
   ts                            : Min = +2.114021e+02, Max = +3.052997e+02, RMS = +2.873585e+02
   soilt                         : Min = +2.490014e+02, Max = +1.000000e+15, RMS = +8.474193e+14
   soilm                         : Min = +2.728177e-02, Max = +1.000000e+00, RMS = +9.121987e-01
   u10m                          : Min = -1.541011e+01, Max = +2.004475e+01, RMS = +5.677292e+00
   v10m                          : Min = -1.646713e+01, Max = +1.457106e+01, RMS = +4.830783e+00
 -----------------------------------------------------------------------------------------------

























CostJb   : Nonlinear Jb = 3.95271e-07
CostJo   : Nonlinear Jo(Aircraft) = 3027.55, nobs = 1430, Jo/n = 2.11717, err = 2.67875
CostJo   : Nonlinear Jo(Radiosonde) = 2149.72, nobs = 1125, Jo/n = 1.91086, err = 2.05967
CostJo   : Nonlinear Jo(GnssroBndNBAM) = 269.935, nobs = 148, Jo/n = 1.82389, err = 0.000298811
CostJo   : Nonlinear Jo(AMSUA-METOP-A) = 700.379, nobs = 645, Jo/n = 1.08586, err = 1.27194
CostJo   : Nonlinear Jo(AMSUA-METOP-B) = 422.073, nobs = 585, Jo/n = 0.721493, err = 1.32338
CostJo   : Nonlinear Jo(AMSUA-NOAA15) = 386.4, nobs = 705, Jo/n = 0.548086, err = 0.745452
CostJo   : Nonlinear Jo(AMSUA-NOAA18) = 510.406, nobs = 456, Jo/n = 1.11931, err = 1.48971
CostJo   : Nonlinear Jo(AMSUA-NOAA19) = 686.211, nobs = 632, Jo/n = 1.08578, err = 1.2837
CostJo   : Nonlinear Jo(MHS-NOAA18) = 266.36, nobs = 413, Jo/n = 0.644941, err = 2.30498
CostJo   : Nonlinear Jo(MHS-METOP-A) = 297.917, nobs = 389, Jo/n = 0.765854, err = 2.29619
CostJo   : Nonlinear Jo(MHS-METOP-B) = 294.112, nobs = 398, Jo/n = 0.738976, err = 2.29854
CostJo   : Nonlinear Jo(SNDRD1-GOES15) = 565.921, nobs = 1017, Jo/n = 0.556461, err = 1.51725
CostJo   : Nonlinear Jo(SNDRD2-GOES15) = 566.699, nobs = 1009, Jo/n = 0.561644, err = 1.52781
CostJo   : Nonlinear Jo(SNDRD3-GOES15) = 565.772, nobs = 999, Jo/n = 0.566339, err = 1.52665
CostJo   : Nonlinear Jo(SNDRD4-GOES15) = 526.805, nobs = 987, Jo/n = 0.533744, err = 1.5388
CostJo   : Nonlinear Jo(ATMS-NPP) = 1058.35, nobs = 1545, Jo/n = 0.685018, err = 2.11997
CostJo   : Nonlinear Jo(AMSR2-GCOM) = 2227.62, nobs = 7431, Jo/n = 0.299774, err = 9.62701
CostJo   : Nonlinear Jo(GMI-GPM) = 3.7955, nobs = 12, Jo/n = 0.316292, err = 72.1619
CostJo   : Nonlinear Jo(AIRS-AQUA) = 5561.56, nobs = 9098, Jo/n = 0.611294, err = 1.32545
CostJo   : Nonlinear Jo(IASI-METOPA) = 6745.88, nobs = 12276, Jo/n = 0.549518, err = 1.19844
CostJo   : Nonlinear Jo(IASI-METOPB) = 7553.09, nobs = 12187, Jo/n = 0.619766, err = 1.19885
CostJo   : Nonlinear Jo(CRIS-NPP) = 1884.21, nobs = 2160, Jo/n = 0.872321, err = 0.844144
CostJo   : Nonlinear Jo(SfcObs) = 23.0383, nobs = 53, Jo/n = 0.434686, err = 143.514
CostFunction: Nonlinear J = 36293.8
DRIPCGMinimizer: reduction in residual norm = 0.419982
CostFunction::addIncrement: Analysis: 
 -----------------------------------------------------------------------------------------------
 State print | number of fields = 23 | cube sphere face size: C12
   ua                            : Min = -5.087701e+01, Max = +9.150653e+01, RMS = +2.024237e+01
   va                            : Min = -5.619865e+01, Max = +6.495247e+01, RMS = +8.579122e+00
   t                             : Min = +1.852996e+02, Max = +3.081416e+02, RMS = +2.471427e+02
   ps                            : Min = +5.448240e+04, Max = +1.037373e+05, RMS = +9.900788e+04
   q                             : Min = +0.000000e+00, Max = +1.948509e-02, RMS = +4.017711e-03
   qi                            : Min = +0.000000e+00, Max = +2.853714e-04, RMS = +5.411697e-06
   ql                            : Min = +0.000000e+00, Max = +7.432870e-04, RMS = +2.465358e-05
   qr                            : Min = +0.000000e+00, Max = +4.188229e-03, RMS = +6.301762e-05
   qs                            : Min = +0.000000e+00, Max = +2.069555e-03, RMS = +2.426805e-05
   o3ppmv                        : Min = +1.890741e-02, Max = +3.613508e+01, RMS = +3.813928e+00
   phis                          : Min = -2.658390e+02, Max = +4.989882e+04, RMS = +5.981687e+03
   frocean                       : Min = +0.000000e+00, Max = +1.000000e+00, RMS = +8.353951e-01
   frlake                        : Min = +0.000000e+00, Max = +1.000000e+00, RMS = +6.364239e-02
   frseaice                      : Min = +0.000000e+00, Max = +1.000000e+00, RMS = +1.375539e-01
   vtype                         : Min = +0.000000e+00, Max = +1.900000e+01, RMS = +5.812324e+00
   stype                         : Min = +0.000000e+00, Max = +1.600000e+01, RMS = +4.236361e+00
   vfrac                         : Min = +0.000000e+00, Max = +8.665497e-01, RMS = +2.046822e-01
   sheleg                        : Min = +0.000000e+00, Max = +1.000000e+15, RMS = +8.336657e+14
   ts                            : Min = +2.114021e+02, Max = +3.052997e+02, RMS = +2.873585e+02
   soilt                         : Min = +2.490014e+02, Max = +1.000000e+15, RMS = +8.474193e+14
   soilm                         : Min = +2.728177e-02, Max = +1.000000e+00, RMS = +9.121987e-01
   u10m                          : Min = -1.541011e+01, Max = +2.004475e+01, RMS = +5.677292e+00
   v10m                          : Min = -1.646713e+01, Max = +1.457106e+01, RMS = +4.830783e+00
 -----------------------------------------------------------------------------------------------

























CostJb   : Nonlinear Jb = 3.87104e-07
CostJo   : Nonlinear Jo(Aircraft) = 3027.55, nobs = 1430, Jo/n = 2.11717, err = 2.67875
CostJo   : Nonlinear Jo(Radiosonde) = 2149.72, nobs = 1125, Jo/n = 1.91086, err = 2.05967
CostJo   : Nonlinear Jo(GnssroBndNBAM) = 205.029, nobs = 148, Jo/n = 1.38533, err = 0.000298811
CostJo   : Nonlinear Jo(AMSUA-METOP-A) = 700.442, nobs = 645, Jo/n = 1.08596, err = 1.27194
CostJo   : Nonlinear Jo(AMSUA-METOP-B) = 422.079, nobs = 585, Jo/n = 0.721503, err = 1.32338
CostJo   : Nonlinear Jo(AMSUA-NOAA15) = 386.39, nobs = 705, Jo/n = 0.548072, err = 0.745452
CostJo   : Nonlinear Jo(AMSUA-NOAA18) = 510.436, nobs = 456, Jo/n = 1.11938, err = 1.48971
CostJo   : Nonlinear Jo(AMSUA-NOAA19) = 686.28, nobs = 632, Jo/n = 1.08589, err = 1.2837
CostJo   : Nonlinear Jo(MHS-NOAA18) = 245.917, nobs = 413, Jo/n = 0.59544, err = 2.30498
CostJo   : Nonlinear Jo(MHS-METOP-A) = 277.999, nobs = 389, Jo/n = 0.714651, err = 2.29619
CostJo   : Nonlinear Jo(MHS-METOP-B) = 273.493, nobs = 398, Jo/n = 0.687167, err = 2.29854
CostJo   : Nonlinear Jo(SNDRD1-GOES15) = 524.861, nobs = 1017, Jo/n = 0.516088, err = 1.51725
CostJo   : Nonlinear Jo(SNDRD2-GOES15) = 530.472, nobs = 1009, Jo/n = 0.52574, err = 1.52781
CostJo   : Nonlinear Jo(SNDRD3-GOES15) = 522.273, nobs = 999, Jo/n = 0.522796, err = 1.52665
CostJo   : Nonlinear Jo(SNDRD4-GOES15) = 490.517, nobs = 987, Jo/n = 0.496978, err = 1.5388
CostJo   : Nonlinear Jo(ATMS-NPP) = 1047.36, nobs = 1545, Jo/n = 0.677901, err = 2.11997
CostJo   : Nonlinear Jo(AMSR2-GCOM) = 2224.19, nobs = 7431, Jo/n = 0.299312, err = 9.62701
CostJo   : Nonlinear Jo(GMI-GPM) = 3.78768, nobs = 12, Jo/n = 0.31564, err = 72.1619
CostJo   : Nonlinear Jo(AIRS-AQUA) = 5497.5, nobs = 9098, Jo/n = 0.604254, err = 1.32545
CostJo   : Nonlinear Jo(IASI-METOPA) = 6739.7, nobs = 12276, Jo/n = 0.549014, err = 1.19844
CostJo   : Nonlinear Jo(IASI-METOPB) = 7544.41, nobs = 12187, Jo/n = 0.619054, err = 1.19885
CostJo   : Nonlinear Jo(CRIS-NPP) = 1882.37, nobs = 2160, Jo/n = 0.871468, err = 0.844144
CostJo   : Nonlinear Jo(SfcObs) = 23.0383, nobs = 53, Jo/n = 0.434686, err = 143.514
CostFunction: Nonlinear J = 35915.8
