Test     : CostJb   : Nonlinear Jb = 0
Test     : CostJo   : Nonlinear Jo(GnssroRef) = 13.3676, nobs = 1, Jo/n = 13.3676, err = 3.5151
Test     : CostFunction: Nonlinear J = 13.3676
Test     : DRIPCGMinimizer: reduction in residual norm = 1.67625e-16
Test     : CostFunction::addIncrement: Analysis: 
Test     : CostJb   : Nonlinear Jb = 4.26455e-05
Test     : CostJo   : Nonlinear Jo(GnssroRef) = 2.7426e-05, nobs = 1, Jo/n = 2.7426e-05, err = 3.5151
Test     : CostFunction: Nonlinear J = 7.00715e-05
Test     : DRIPCGMinimizer: reduction in residual norm = 1.41221e-23
Test     : CostFunction::addIncrement: Analysis: 
Test     : CostJb   : Nonlinear Jb = 4.25324e-05
Test     : CostJo   : Nonlinear Jo(GnssroRef) = 1.7011e-10, nobs = 1, Jo/n = 1.7011e-10, err = 3.5151
Test     : CostFunction: Nonlinear J = 4.25326e-05
