Test     : Initial state for member 1:
Test     : H(x) for member 1:
Test     : Radiosonde nobs= 2 Min=-6.90484, Max=-2.16022, RMS=5.11583
Test     : Initial state for member 2:
Test     : H(x) for member 2:
Test     : Radiosonde nobs= 2 Min=-6.23055, Max=-2.04117, RMS=4.63606
Test     : Initial state for member 3:
Test     : H(x) for member 3:
Test     : Radiosonde nobs= 2 Min=-6.39035, Max=-2.21036, RMS=4.78133
Test     : Initial state for member 4:
Test     : H(x) for member 4:
Test     : Radiosonde nobs= 2 Min=-6.70063, Max=-1.89589, RMS=4.92407
Test     : Initial state for member 5:
Test     : H(x) for member 5:
Test     : Radiosonde nobs= 2 Min=-6.16918, Max=-1.90565, RMS=4.56565
Test     : Initial state for member 6:
Test     : H(x) for member 6:
Test     : Radiosonde nobs= 2 Min=-6.87396, Max=-1.5581, RMS=4.98392
Test     : Initial state for member 7:
Test     : H(x) for member 7:
Test     : Radiosonde nobs= 2 Min=-6.35024, Max=-1.52916, RMS=4.61865
Test     : Initial state for member 8:
Test     : H(x) for member 8:
Test     : Radiosonde nobs= 2 Min=-6.70284, Max=-1.60208, RMS=4.87313
Test     : Initial state for member 9:
Test     : H(x) for member 9:
Test     : Radiosonde nobs= 2 Min=-6.73085, Max=-1.72271, RMS=4.91284
Test     : Initial state for member 10:
Test     : H(x) for member 10:
Test     : Radiosonde nobs= 2 Min=-7.20947, Max=-1.8822, RMS=5.26873
Test     : Background mean :
Test     : H(x) ensemble background mean: 
Test     : Radiosonde nobs= 2 Min=-6.62629, Max=-1.85075, RMS=4.86482
Test     : background y - H(x): 
Test     : Radiosonde nobs= 2 Min=-1.14925, Max=1.22629, RMS=1.18839
Test     : H(x) for member 1:
Test     : Radiosonde nobs= 2 Min=-6.89464, Max=-2.17055, RMS=5.11113
Test     : H(x) for member 2:
Test     : Radiosonde nobs= 2 Min=-6.21471, Max=-2.05031, RMS=4.62744
Test     : H(x) for member 3:
Test     : Radiosonde nobs= 2 Min=-6.37588, Max=-2.22105, RMS=4.77414
Test     : H(x) for member 4:
Test     : Radiosonde nobs= 2 Min=-6.68869, Max=-1.90378, RMS=4.91746
Test     : H(x) for member 5:
Test     : Radiosonde nobs= 2 Min=-6.15276, Max=-1.91343, RMS=4.55619
Test     : H(x) for member 6:
Test     : Radiosonde nobs= 2 Min=-6.86337, Max=-1.56293, RMS=4.97738
Test     : H(x) for member 7:
Test     : Radiosonde nobs= 2 Min=-6.33532, Max=-1.53362, RMS=4.60913
Test     : H(x) for member 8:
Test     : Radiosonde nobs= 2 Min=-6.69089, Max=-1.60725, RMS=4.86576
Test     : H(x) for member 9:
Test     : Radiosonde nobs= 2 Min=-6.71917, Max=-1.72903, RMS=4.90595
Test     : H(x) for member 10:
Test     : Radiosonde nobs= 2 Min=-7.20183, Max=-1.89002, RMS=5.26491
Test     : H(x) ensemble analysis mean: 
Test     : Radiosonde nobs= 2 Min=-6.61372, Max=-1.8582, RMS=4.85769
Test     : analysis y - H(x): 
Test     : Radiosonde nobs= 2 Min=-1.1418, Max=1.21372, RMS=1.17831
Test     : ombg RMS: 1.18839
Test     : oman RMS: 1.17831
